
> nipponlife-next@0.1.0 build
> next build

⚠ turbopack.root should be absolute, using: D:\Antigravity\nipponlife-next
▲ Next.js 16.1.6 (Turbopack)
- Environments: .env.local

⚠ The "middleware" file convention is deprecated. Please use "proxy" instead. Learn more: https://nextjs.org/docs/messages/middleware-to-proxy
  Creating an optimized production build ...
✓ Compiled successfully in 3.8s
  Running TypeScript ...
Failed to compile.

./src/app/[locale]/admin/business/AdminBusinessListClient.tsx:7:32
Type error: Cannot find module 'react-i18next' or its corresponding type declarations.

[0m [90m  5 |[39m [36mimport[39m { [33mLink[39m[33m,[39m useRouter } [36mfrom[39m [32m'@/i18n/routing'[39m[33m;[39m
 [90m  6 |[39m [36mimport[39m { useAdminBusiness } [36mfrom[39m [32m'./hooks/useAdminBusiness'[39m[33m;[39m
[31m[1m>[22m[39m[90m  7 |[39m [36mimport[39m { useTranslation } [36mfrom[39m [32m'react-i18next'[39m[33m;[39m [90m// Still using this or next-intl? [39m
 [90m    |[39m                                [31m[1m^[22m[39m
 [90m  8 |[39m [36mimport[39m { useTranslations } [36mfrom[39m [32m'next-intl'[39m[33m;[39m
 [90m  9 |[39m
 [90m 10 |[39m [36mexport[39m [36mdefault[39m [36mfunction[39m [33mAdminBusinessListClient[39m() {[0m
Next.js build worker exited with code: 1 and signal: null
