
> nipponlife-next@0.1.0 build
> next build

⚠ turbopack.root should be absolute, using: D:\Antigravity\nipponlife-next
▲ Next.js 16.1.6 (Turbopack)
- Environments: .env.local

⚠ The "middleware" file convention is deprecated. Please use "proxy" instead. Learn more: https://nextjs.org/docs/messages/middleware-to-proxy
  Creating an optimized production build ...
✓ Compiled successfully in 3.7s
  Running TypeScript ...
Failed to compile.

./src/components/PostCard.tsx:6:10
Type error: Module '"../lib/supabaseClient"' has no exported member 'createClient'.

[0m [90m 4 |[39m [36mimport[39m { useRouter } [36mfrom[39m [32m'@/i18n/routing'[39m[33m;[39m
 [90m 5 |[39m [36mimport[39m { useState[33m,[39m useEffect } [36mfrom[39m [32m'react'[39m[33m;[39m
[31m[1m>[22m[39m[90m 6 |[39m [36mimport[39m { createClient } [36mfrom[39m [32m'../lib/supabaseClient'[39m[33m;[39m
 [90m   |[39m          [31m[1m^[22m[39m
 [90m 7 |[39m [90m// import { useAuth } from '../../../contexts/AuthContext'; // Auth context not yet available in next app, we will mock or implement later[39m
 [90m 8 |[39m [36mimport[39m { storageService } [36mfrom[39m [32m'../lib/storageService'[39m[33m;[39m
 [90m 9 |[39m [36mimport[39m { useTranslations } [36mfrom[39m [32m'next-intl'[39m[33m;[39m[0m
Next.js build worker exited with code: 1 and signal: null
